D:\ra205-2016\lab4\basic_system\implementation\system.ngc 1553857687
D:/ra205-2016/lab4/basic_system/implementation/system_dip_switches_wrapper.ngc 1553857648
D:/ra205-2016/lab4/basic_system/implementation/system_lab4_peripheral_0_wrapper.ngc 1553857671
D:/ra205-2016/lab4/basic_system/implementation/char_rom_def.ngc 1552384712
D:/ra205-2016/lab4/basic_system/implementation/system_rs232_wrapper.ngc 1553857648
D:/ra205-2016/lab4/basic_system/implementation/system_proc_sys_reset_0_wrapper.ngc 1553857648
D:/ra205-2016/lab4/basic_system/implementation/system_clock_generator_0_wrapper.ngc 1553857674
D:/ra205-2016/lab4/basic_system/implementation/system_microblaze_0_ilmb_wrapper.ngc 1553857648
D:/ra205-2016/lab4/basic_system/implementation/system_microblaze_0_dlmb_wrapper.ngc 1553857648
D:/ra205-2016/lab4/basic_system/implementation/system_axi4lite_0_wrapper.ngc 1553857648
D:/ra205-2016/lab4/basic_system/implementation/system_microblaze_0_wrapper.ngc 1553857648
D:/ra205-2016/lab4/basic_system/implementation/system_microblaze_0_i_bram_ctrl_wrapper.ngc 1553857648
D:/ra205-2016/lab4/basic_system/implementation/system_microblaze_0_d_bram_ctrl_wrapper.ngc 1553857648
D:/ra205-2016/lab4/basic_system/implementation/system_debug_module_wrapper.ngc 1553857648
D:/ra205-2016/lab4/basic_system/implementation/system_microblaze_0_bram_block_wrapper.ngc 1553857648
